---
http_interactions:
- request:
    method: post
    uri: https://api-sandbox.gocardless.com/redirect_flows
    body:
      encoding: UTF-8
      string: '{"redirect_flows":{"session_token":"7db81c1e-af47-4c8f-aa25-4b2cfc6aa20f","success_redirect_url":"http://www.example.com/api/go_cardless/transaction?page_id=integrate-value-added-mindshare"}}'
    headers:
      User-Agent:
      - gocardless_pro/v1.0.3 ruby/2.3.0p0 ruby/2.3.0 x86_64-darwin14 faraday/0.9.1
      Gocardless-Version:
      - '2015-07-06'
      Content-Type:
      - application/json
      Authorization:
      - Bearer <gocardless_token>
      Accept-Encoding:
      - gzip;q=1.0,deflate;q=0.6,identity;q=0.3
      Accept:
      - "*/*"
  response:
    status:
      code: 201
      message: Created
    headers:
      Server:
      - cloudflare-nginx
      Date:
      - Wed, 20 Apr 2016 19:16:45 GMT
      Content-Type:
      - application/json
      Transfer-Encoding:
      - chunked
      Connection:
      - keep-alive
      Set-Cookie:
      - __cfduid=dc18d505069847e3ead491cb11e43829c1461179805; expires=Thu, 20-Apr-17
        19:16:45 GMT; path=/; domain=.gocardless.com; HttpOnly
      Location:
      - https://api-sandbox.gocardless.com/redirect_flows/RE00004CTBF4R0624H9F877AW5GPNJJT
      Pragma:
      - no-cache
      Cache-Control:
      - no-store
      Etag:
      - W/"aba79d69b7a5be12df34a47526798ac3"
      X-Request-Id:
      - 42a6e49f-4f76-4807-9ac9-c7d1684c2fb4
      Vary:
      - Origin
      X-Xss-Protection:
      - 1; mode=block
      X-Content-Type-Options:
      - nosniff
      Strict-Transport-Security:
      - max-age=31536000; includeSubDomains; preload
      Ratelimit-Limit:
      - '1000'
      Ratelimit-Remaining:
      - '999'
      Ratelimit-Reset:
      - Wed, 20 Apr 2016 19:17:00 GMT
      Cf-Ray:
      - 296aeeb5f0a007a3-MIA
    body:
      encoding: UTF-8
      string: '{"redirect_flows":{"id":"RE00004CTBF4R0624H9F877AW5GPNJJT","description":null,"session_token":"7db81c1e-af47-4c8f-aa25-4b2cfc6aa20f","scheme":null,"success_redirect_url":"http://www.example.com/api/go_cardless/transaction?page_id=integrate-value-added-mindshare","created_at":"2016-04-20T19:16:45.564Z","links":{"creditor":"CR000045KKQEY8"},"redirect_url":"https://pay-sandbox.gocardless.com/flow/RE00004CTBF4R0624H9F877AW5GPNJJT"}}'
    http_version: 
  recorded_at: Wed, 20 Apr 2016 19:16:45 GMT
- request:
    method: post
    uri: https://api-sandbox.gocardless.com/redirect_flows
    body:
      encoding: UTF-8
      string: '{"redirect_flows":{"session_token":"edfa942a-26dd-419e-b9ac-4afb593452eb","description":"You
        are donating $0.00 to SumOfUs","success_redirect_url":"http://www.example.com/api/go_cardless/pages/493/transaction?page_id=engineer-cutting-edge-channels"}}'
    headers:
      User-Agent:
      - gocardless_pro/v1.0.3 ruby/2.3.0p0 ruby/2.3.0 x86_64-darwin15 faraday/0.9.1
      Gocardless-Version:
      - '2015-07-06'
      Content-Type:
      - application/json
      Authorization:
      - Bearer <gocardless_token>
      Accept-Encoding:
      - gzip;q=1.0,deflate;q=0.6,identity;q=0.3
      Accept:
      - "*/*"
  response:
    status:
      code: 201
      message: Created
    headers:
      Server:
      - cloudflare-nginx
      Date:
      - Wed, 27 Apr 2016 10:39:13 GMT
      Content-Type:
      - application/json
      Transfer-Encoding:
      - chunked
      Connection:
      - keep-alive
      Set-Cookie:
      - __cfduid=d947a7031b0b308b290080ea3eb74a3ab1461753552; expires=Thu, 27-Apr-17
        10:39:12 GMT; path=/; domain=.gocardless.com; HttpOnly
      Location:
      - https://api-sandbox.gocardless.com/redirect_flows/RE00004GGJWBG9ZZRETQM4R2XXWXYSFB
      Pragma:
      - no-cache
      Cache-Control:
      - no-store
      Etag:
      - W/"dcf7f6c58141f1b6f641fd1c4c26dca4"
      X-Request-Id:
      - afc00d80-ae3f-46a1-8acd-47d87bf49b44
      Vary:
      - Origin
      X-Xss-Protection:
      - 1; mode=block
      X-Content-Type-Options:
      - nosniff
      Strict-Transport-Security:
      - max-age=31536000; includeSubDomains; preload
      Ratelimit-Limit:
      - '1000'
      Ratelimit-Remaining:
      - '998'
      Ratelimit-Reset:
      - Wed, 27 Apr 2016 10:40:00 GMT
      Cf-Ray:
      - 29a1a6392e9b1061-CDG
    body:
      encoding: UTF-8
      string: '{"redirect_flows":{"id":"RE00004GGJWBG9ZZRETQM4R2XXWXYSFB","description":"You
        are donating $0.00 to SumOfUs","session_token":"edfa942a-26dd-419e-b9ac-4afb593452eb","scheme":null,"success_redirect_url":"http://www.example.com/api/go_cardless/pages/493/transaction?page_id=engineer-cutting-edge-channels","created_at":"2016-04-27T10:39:12.996Z","links":{"creditor":"CR000045KKQEY8"},"redirect_url":"https://pay-sandbox.gocardless.com/flow/RE00004GGJWBG9ZZRETQM4R2XXWXYSFB"}}'
    http_version: 
  recorded_at: Wed, 27 Apr 2016 10:39:13 GMT
- request:
    method: post
    uri: https://api-sandbox.gocardless.com/redirect_flows
    body:
      encoding: UTF-8
      string: '{"redirect_flows":{"session_token":"cd5c4bfa-1ccd-4af7-a227-520a56b94559","description":"You
        are donating $0.00 to SumOfUs","success_redirect_url":"http://www.example.com/api/go_cardless/pages/1/transaction?page_id=morph-web-enabled-infomediaries"}}'
    headers:
      User-Agent:
      - gocardless_pro/v1.0.3 ruby/2.3.0p0 ruby/2.3.0 x86_64-darwin15 faraday/0.9.1
      Gocardless-Version:
      - '2015-07-06'
      Content-Type:
      - application/json
      Authorization:
      - Bearer <gocardless_token>
      Accept-Encoding:
      - gzip;q=1.0,deflate;q=0.6,identity;q=0.3
      Accept:
      - "*/*"
  response:
    status:
      code: 201
      message: Created
    headers:
      Server:
      - cloudflare-nginx
      Date:
      - Wed, 27 Apr 2016 13:49:18 GMT
      Content-Type:
      - application/json
      Transfer-Encoding:
      - chunked
      Connection:
      - keep-alive
      Set-Cookie:
      - __cfduid=d0d2a7a8c6b7654089c5e38c418e3d5d61461764957; expires=Thu, 27-Apr-17
        13:49:17 GMT; path=/; domain=.gocardless.com; HttpOnly
      Location:
      - https://api-sandbox.gocardless.com/redirect_flows/RE00004GR33J8HFNS68BC1MWH8BAJJ8Q
      Pragma:
      - no-cache
      Cache-Control:
      - no-store
      Etag:
      - W/"4586f81d7356c94544ed491511d14c08"
      X-Request-Id:
      - b293fab0-ea44-4aeb-91cd-9ff5e83f9d90
      Vary:
      - Origin
      X-Xss-Protection:
      - 1; mode=block
      X-Content-Type-Options:
      - nosniff
      Strict-Transport-Security:
      - max-age=31536000; includeSubDomains; preload
      Ratelimit-Limit:
      - '1000'
      Ratelimit-Remaining:
      - '999'
      Ratelimit-Reset:
      - Wed, 27 Apr 2016 13:50:00 GMT
      Cf-Ray:
      - 29a2bcaac93108de-CDG
    body:
      encoding: UTF-8
      string: '{"redirect_flows":{"id":"RE00004GR33J8HFNS68BC1MWH8BAJJ8Q","description":"You
        are donating $0.00 to SumOfUs","session_token":"cd5c4bfa-1ccd-4af7-a227-520a56b94559","scheme":null,"success_redirect_url":"http://www.example.com/api/go_cardless/pages/1/transaction?page_id=morph-web-enabled-infomediaries","created_at":"2016-04-27T13:49:18.091Z","links":{"creditor":"CR000045KKQEY8"},"redirect_url":"https://pay-sandbox.gocardless.com/flow/RE00004GR33J8HFNS68BC1MWH8BAJJ8Q"}}'
    http_version: 
  recorded_at: Wed, 27 Apr 2016 13:49:18 GMT
- request:
    method: post
    uri: https://api-sandbox.gocardless.com/redirect_flows
    body:
      encoding: UTF-8
      string: '{"redirect_flows":{"session_token":"7ab75e2c-3221-469c-861e-1a5ed63ed221","description":"You
        are donating $0.00 to SumOfUs","success_redirect_url":"http://www.example.com/api/go_cardless/pages/46/transaction?page_id=incubate-collaborative-solutions"}}'
    headers:
      User-Agent:
      - gocardless_pro/v1.0.3 ruby/2.3.0p0 ruby/2.3.0 x86_64-darwin15 faraday/0.9.1
      Gocardless-Version:
      - '2015-07-06'
      Content-Type:
      - application/json
      Authorization:
      - Bearer <gocardless_token>
      Accept-Encoding:
      - gzip;q=1.0,deflate;q=0.6,identity;q=0.3
      Accept:
      - "*/*"
  response:
    status:
      code: 201
      message: Created
    headers:
      Server:
      - cloudflare-nginx
      Date:
      - Wed, 27 Apr 2016 15:07:42 GMT
      Content-Type:
      - application/json
      Transfer-Encoding:
      - chunked
      Connection:
      - keep-alive
      Set-Cookie:
      - __cfduid=dc74bc5357c4000a620fb98857420004d1461769662; expires=Thu, 27-Apr-17
        15:07:42 GMT; path=/; domain=.gocardless.com; HttpOnly
      Location:
      - https://api-sandbox.gocardless.com/redirect_flows/RE00004GW30MMTPVD8M22QZ7X43M1BSZ
      Pragma:
      - no-cache
      Cache-Control:
      - no-store
      Etag:
      - W/"1f61de9795e27d52fc77c3921284ce30"
      X-Request-Id:
      - 43e4ee48-356c-4217-a4bf-c8d288a86e55
      Vary:
      - Origin
      X-Xss-Protection:
      - 1; mode=block
      X-Content-Type-Options:
      - nosniff
      Strict-Transport-Security:
      - max-age=31536000; includeSubDomains; preload
      Ratelimit-Limit:
      - '1000'
      Ratelimit-Remaining:
      - '999'
      Ratelimit-Reset:
      - Wed, 27 Apr 2016 15:08:00 GMT
      Cf-Ray:
      - 29a32f84f392103d-CDG
    body:
      encoding: UTF-8
      string: '{"redirect_flows":{"id":"RE00004GW30MMTPVD8M22QZ7X43M1BSZ","description":"You
        are donating $0.00 to SumOfUs","session_token":"7ab75e2c-3221-469c-861e-1a5ed63ed221","scheme":null,"success_redirect_url":"http://www.example.com/api/go_cardless/pages/46/transaction?page_id=incubate-collaborative-solutions","created_at":"2016-04-27T15:07:42.347Z","links":{"creditor":"CR000045KKQEY8"},"redirect_url":"https://pay-sandbox.gocardless.com/flow/RE00004GW30MMTPVD8M22QZ7X43M1BSZ"}}'
    http_version: 
  recorded_at: Wed, 27 Apr 2016 15:07:42 GMT
- request:
    method: post
    uri: https://api-sandbox.gocardless.com/redirect_flows
    body:
      encoding: UTF-8
      string: '{"redirect_flows":{"session_token":"e0344972-b91b-4184-8482-0dca4c05ba03","description":"You
        are donating $0.00 to SumOfUs","success_redirect_url":"http://www.example.com/api/go_cardless/pages/46/transaction?page_id=generate-transparent-supply-chains"}}'
    headers:
      User-Agent:
      - gocardless_pro/v1.0.3 ruby/2.3.0p0 ruby/2.3.0 x86_64-darwin15 faraday/0.9.1
      Gocardless-Version:
      - '2015-07-06'
      Content-Type:
      - application/json
      Authorization:
      - Bearer <gocardless_token>
      Accept-Encoding:
      - gzip;q=1.0,deflate;q=0.6,identity;q=0.3
      Accept:
      - "*/*"
  response:
    status:
      code: 201
      message: Created
    headers:
      Server:
      - cloudflare-nginx
      Date:
      - Wed, 27 Apr 2016 15:18:29 GMT
      Content-Type:
      - application/json
      Transfer-Encoding:
      - chunked
      Connection:
      - keep-alive
      Set-Cookie:
      - __cfduid=ddf2caa1b4ca627d453ad8d84e6044d291461770309; expires=Thu, 27-Apr-17
        15:18:29 GMT; path=/; domain=.gocardless.com; HttpOnly
      Location:
      - https://api-sandbox.gocardless.com/redirect_flows/RE00004GW99JN65BYQ3E6A67YAHCKK17
      Pragma:
      - no-cache
      Cache-Control:
      - no-store
      Etag:
      - W/"beeff87343d09be154788a9eba6c32f0"
      X-Request-Id:
      - 458b932e-98cc-4dd3-98d6-cc1dd402a6a4
      Vary:
      - Origin
      X-Xss-Protection:
      - 1; mode=block
      X-Content-Type-Options:
      - nosniff
      Strict-Transport-Security:
      - max-age=31536000; includeSubDomains; preload
      Ratelimit-Limit:
      - '1000'
      Ratelimit-Remaining:
      - '999'
      Ratelimit-Reset:
      - Wed, 27 Apr 2016 15:19:00 GMT
      Cf-Ray:
      - 29a33f539d7d3bff-CDG
    body:
      encoding: UTF-8
      string: '{"redirect_flows":{"id":"RE00004GW99JN65BYQ3E6A67YAHCKK17","description":"You
        are donating $0.00 to SumOfUs","session_token":"e0344972-b91b-4184-8482-0dca4c05ba03","scheme":null,"success_redirect_url":"http://www.example.com/api/go_cardless/pages/46/transaction?page_id=generate-transparent-supply-chains","created_at":"2016-04-27T15:18:29.800Z","links":{"creditor":"CR000045KKQEY8"},"redirect_url":"https://pay-sandbox.gocardless.com/flow/RE00004GW99JN65BYQ3E6A67YAHCKK17"}}'
    http_version: 
  recorded_at: Wed, 27 Apr 2016 15:18:29 GMT
- request:
    method: post
    uri: https://api-sandbox.gocardless.com/redirect_flows
    body:
      encoding: UTF-8
      string: '{"redirect_flows":{"session_token":"860f3d05-194a-43c4-8dbb-22439ea8286c","description":"You
        are donating $0.00 to SumOfUs","success_redirect_url":"http://www.example.com/api/go_cardless/pages/45/transaction?page_id=architect-innovative-infomediaries"}}'
    headers:
      User-Agent:
      - gocardless_pro/v1.0.3 ruby/2.3.0p0 ruby/2.3.0 x86_64-darwin15 faraday/0.9.1
      Gocardless-Version:
      - '2015-07-06'
      Content-Type:
      - application/json
      Authorization:
      - Bearer <gocardless_token>
      Accept-Encoding:
      - gzip;q=1.0,deflate;q=0.6,identity;q=0.3
      Accept:
      - "*/*"
  response:
    status:
      code: 201
      message: Created
    headers:
      Server:
      - cloudflare-nginx
      Date:
      - Wed, 27 Apr 2016 15:19:13 GMT
      Content-Type:
      - application/json
      Transfer-Encoding:
      - chunked
      Connection:
      - keep-alive
      Set-Cookie:
      - __cfduid=d8e0a2f2b4ed4f43952f22f025884e7c61461770353; expires=Thu, 27-Apr-17
        15:19:13 GMT; path=/; domain=.gocardless.com; HttpOnly
      Location:
      - https://api-sandbox.gocardless.com/redirect_flows/RE00004GWBR9C5PVEG61DAE0Q32S67JQ
      Pragma:
      - no-cache
      Cache-Control:
      - no-store
      Etag:
      - W/"b7e0a9462f7085bb1c31319e4a1d075d"
      X-Request-Id:
      - 10e6b25d-0339-4bfc-a13d-02452079684b
      Vary:
      - Origin
      X-Xss-Protection:
      - 1; mode=block
      X-Content-Type-Options:
      - nosniff
      Strict-Transport-Security:
      - max-age=31536000; includeSubDomains; preload
      Ratelimit-Limit:
      - '1000'
      Ratelimit-Remaining:
      - '999'
      Ratelimit-Reset:
      - Wed, 27 Apr 2016 15:20:00 GMT
      Cf-Ray:
      - 29a3406376923c6b-CDG
    body:
      encoding: UTF-8
      string: '{"redirect_flows":{"id":"RE00004GWBR9C5PVEG61DAE0Q32S67JQ","description":"You
        are donating $0.00 to SumOfUs","session_token":"860f3d05-194a-43c4-8dbb-22439ea8286c","scheme":null,"success_redirect_url":"http://www.example.com/api/go_cardless/pages/45/transaction?page_id=architect-innovative-infomediaries","created_at":"2016-04-27T15:19:13.354Z","links":{"creditor":"CR000045KKQEY8"},"redirect_url":"https://pay-sandbox.gocardless.com/flow/RE00004GWBR9C5PVEG61DAE0Q32S67JQ"}}'
    http_version: 
  recorded_at: Wed, 27 Apr 2016 15:19:13 GMT
- request:
    method: post
    uri: https://api-sandbox.gocardless.com/redirect_flows
    body:
      encoding: UTF-8
      string: '{"redirect_flows":{"session_token":"940939c6-6648-4e1e-9a2e-2b8c7d50a6da","description":"You
        are donating $0.00 to SumOfUs","success_redirect_url":"http://www.example.com/api/go_cardless/pages/2/transaction?page_id=maximize-intuitive-users"}}'
    headers:
      User-Agent:
      - gocardless_pro/v1.0.3 ruby/2.3.0p0 ruby/2.3.0 x86_64-darwin15 faraday/0.9.1
      Gocardless-Version:
      - '2015-07-06'
      Content-Type:
      - application/json
      Authorization:
      - Bearer <gocardless_token>
      Accept-Encoding:
      - gzip;q=1.0,deflate;q=0.6,identity;q=0.3
      Accept:
      - "*/*"
  response:
    status:
      code: 201
      message: Created
    headers:
      Server:
      - cloudflare-nginx
      Date:
      - Wed, 27 Apr 2016 18:28:50 GMT
      Content-Type:
      - application/json
      Transfer-Encoding:
      - chunked
      Connection:
      - keep-alive
      Set-Cookie:
      - __cfduid=dbb40587674742411462956aac79872bc1461781730; expires=Thu, 27-Apr-17
        18:28:50 GMT; path=/; domain=.gocardless.com; HttpOnly
      Location:
      - https://api-sandbox.gocardless.com/redirect_flows/RE00004H27X1VPMEK6JV8ME6QJP41TJ6
      Pragma:
      - no-cache
      Cache-Control:
      - no-store
      Etag:
      - W/"3b8cb0686d8639266016526165cf023b"
      X-Request-Id:
      - 6d7d6adf-bbfa-47e9-bb31-315c8069ed04
      Vary:
      - Origin
      X-Xss-Protection:
      - 1; mode=block
      X-Content-Type-Options:
      - nosniff
      Strict-Transport-Security:
      - max-age=31536000; includeSubDomains; preload
      Ratelimit-Limit:
      - '1000'
      Ratelimit-Remaining:
      - '999'
      Ratelimit-Reset:
      - Wed, 27 Apr 2016 18:29:00 GMT
      Cf-Ray:
      - 29a456260e5b014d-CDG
    body:
      encoding: UTF-8
      string: '{"redirect_flows":{"id":"RE00004H27X1VPMEK6JV8ME6QJP41TJ6","description":"You
        are donating $0.00 to SumOfUs","session_token":"940939c6-6648-4e1e-9a2e-2b8c7d50a6da","scheme":null,"success_redirect_url":"http://www.example.com/api/go_cardless/pages/2/transaction?page_id=maximize-intuitive-users","created_at":"2016-04-27T18:28:50.476Z","links":{"creditor":"CR000045KKQEY8"},"redirect_url":"https://pay-sandbox.gocardless.com/flow/RE00004H27X1VPMEK6JV8ME6QJP41TJ6"}}'
    http_version: 
  recorded_at: Wed, 27 Apr 2016 18:28:50 GMT
- request:
    method: post
    uri: https://api-sandbox.gocardless.com/redirect_flows
    body:
      encoding: UTF-8
      string: '{"redirect_flows":{"session_token":"27544ff9-eb11-4abd-b37b-354b7ccfff86","description":"You
        are donating $0.00 to SumOfUs","success_redirect_url":"http://www.example.com/api/go_cardless/pages/2/transaction?page_id=utilize-virtual-web-readiness"}}'
    headers:
      User-Agent:
      - gocardless_pro/v1.0.3 ruby/2.3.0p0 ruby/2.3.0 x86_64-darwin15 faraday/0.9.1
      Gocardless-Version:
      - '2015-07-06'
      Content-Type:
      - application/json
      Authorization:
      - Bearer <gocardless_token>
      Accept-Encoding:
      - gzip;q=1.0,deflate;q=0.6,identity;q=0.3
      Accept:
      - "*/*"
  response:
    status:
      code: 201
      message: Created
    headers:
      Server:
      - cloudflare-nginx
      Date:
      - Wed, 27 Apr 2016 18:29:17 GMT
      Content-Type:
      - application/json
      Transfer-Encoding:
      - chunked
      Connection:
      - keep-alive
      Set-Cookie:
      - __cfduid=d546c9e210f84f994a8f09a00a0b588f21461781757; expires=Thu, 27-Apr-17
        18:29:17 GMT; path=/; domain=.gocardless.com; HttpOnly
      Location:
      - https://api-sandbox.gocardless.com/redirect_flows/RE00004H283MVPJ98AW6CRW06F7RAFDS
      Pragma:
      - no-cache
      Cache-Control:
      - no-store
      Etag:
      - W/"0487e52e09257e4169b38435908bc970"
      X-Request-Id:
      - 2576131b-bcd7-4beb-ae1a-e0c944f6f998
      Vary:
      - Origin
      X-Xss-Protection:
      - 1; mode=block
      X-Content-Type-Options:
      - nosniff
      Strict-Transport-Security:
      - max-age=31536000; includeSubDomains; preload
      Ratelimit-Limit:
      - '1000'
      Ratelimit-Remaining:
      - '999'
      Ratelimit-Reset:
      - Wed, 27 Apr 2016 18:30:00 GMT
      Cf-Ray:
      - 29a456cd8aa608de-CDG
    body:
      encoding: UTF-8
      string: '{"redirect_flows":{"id":"RE00004H283MVPJ98AW6CRW06F7RAFDS","description":"You
        are donating $0.00 to SumOfUs","session_token":"27544ff9-eb11-4abd-b37b-354b7ccfff86","scheme":null,"success_redirect_url":"http://www.example.com/api/go_cardless/pages/2/transaction?page_id=utilize-virtual-web-readiness","created_at":"2016-04-27T18:29:17.314Z","links":{"creditor":"CR000045KKQEY8"},"redirect_url":"https://pay-sandbox.gocardless.com/flow/RE00004H283MVPJ98AW6CRW06F7RAFDS"}}'
    http_version: 
  recorded_at: Wed, 27 Apr 2016 18:29:17 GMT
- request:
    method: post
    uri: https://api-sandbox.gocardless.com/redirect_flows
    body:
      encoding: UTF-8
      string: '{"redirect_flows":{"session_token":"0cb27444-239e-49c0-bb29-e3916904e716","description":"You
        are donating $0.00 to SumOfUs","success_redirect_url":"http://www.example.com/api/go_cardless/pages/230/transaction?page_id=disintermediate-synergistic-niches"}}'
    headers:
      User-Agent:
      - gocardless_pro/v1.0.3 ruby/2.3.0p0 ruby/2.3.0 x86_64-darwin14 faraday/0.9.1
      Gocardless-Version:
      - '2015-07-06'
      Content-Type:
      - application/json
      Authorization:
      - Bearer <gocardless_token>
      Accept-Encoding:
      - gzip;q=1.0,deflate;q=0.6,identity;q=0.3
      Accept:
      - "*/*"
  response:
    status:
      code: 201
      message: Created
    headers:
      Server:
      - cloudflare-nginx
      Date:
      - Thu, 28 Apr 2016 21:13:55 GMT
      Content-Type:
      - application/json
      Transfer-Encoding:
      - chunked
      Connection:
      - keep-alive
      Set-Cookie:
      - __cfduid=dfb355ccf622afa717cddfed883a382501461878035; expires=Fri, 28-Apr-17
        21:13:55 GMT; path=/; domain=.gocardless.com; HttpOnly
      Location:
      - https://api-sandbox.gocardless.com/redirect_flows/RE00004HF4Z5ZQK9T3BMM64J3TS31H1X
      Pragma:
      - no-cache
      Cache-Control:
      - no-store
      Etag:
      - W/"06486f79a353928d6a1200dbe8ec2e59"
      X-Request-Id:
      - 394e9512-77c3-4801-b6f2-72483b0d41c2
      Vary:
      - Origin
      X-Xss-Protection:
      - 1; mode=block
      X-Content-Type-Options:
      - nosniff
      Strict-Transport-Security:
      - max-age=31536000; includeSubDomains; preload
      Ratelimit-Limit:
      - '1000'
      Ratelimit-Remaining:
      - '999'
      Ratelimit-Reset:
      - Thu, 28 Apr 2016 21:14:00 GMT
      Cf-Ray:
      - 29ad855993382198-EWR
    body:
      encoding: UTF-8
      string: '{"redirect_flows":{"id":"RE00004HF4Z5ZQK9T3BMM64J3TS31H1X","description":"You
        are donating $0.00 to SumOfUs","session_token":"0cb27444-239e-49c0-bb29-e3916904e716","scheme":null,"success_redirect_url":"http://www.example.com/api/go_cardless/pages/230/transaction?page_id=disintermediate-synergistic-niches","created_at":"2016-04-28T21:13:55.785Z","links":{"creditor":"CR000045KKQEY8"},"redirect_url":"https://pay-sandbox.gocardless.com/flow/RE00004HF4Z5ZQK9T3BMM64J3TS31H1X"}}'
    http_version: 
  recorded_at: Thu, 28 Apr 2016 21:13:55 GMT
- request:
    method: post
    uri: https://api-sandbox.gocardless.com/redirect_flows
    body:
      encoding: UTF-8
      string: '{"redirect_flows":{"session_token":"7dd71e0c-05f3-464b-be1f-96729601560b","description":"You
        are donating $0.00 to SumOfUs","success_redirect_url":"http://www.example.com/api/go_cardless/pages/2/transaction?page_id=drive-user-centric-interfaces"}}'
    headers:
      User-Agent:
      - gocardless_pro/v1.0.3 ruby/2.3.0p0 ruby/2.3.0 x86_64-darwin14 faraday/0.9.1
      Gocardless-Version:
      - '2015-07-06'
      Content-Type:
      - application/json
      Authorization:
      - Bearer <gocardless_token>
      Accept-Encoding:
      - gzip;q=1.0,deflate;q=0.6,identity;q=0.3
      Accept:
      - "*/*"
  response:
    status:
      code: 201
      message: Created
    headers:
      Server:
      - cloudflare-nginx
      Date:
      - Thu, 28 Apr 2016 21:31:54 GMT
      Content-Type:
      - application/json
      Transfer-Encoding:
      - chunked
      Connection:
      - keep-alive
      Set-Cookie:
      - __cfduid=db1ed9e79286d0f21d506e93146827d211461879114; expires=Fri, 28-Apr-17
        21:31:54 GMT; path=/; domain=.gocardless.com; HttpOnly
      Location:
      - https://api-sandbox.gocardless.com/redirect_flows/RE00004HF5N46JK64PD6QH8QVSVX82Z3
      Pragma:
      - no-cache
      Cache-Control:
      - no-store
      Etag:
      - W/"3fb5f5d0139ffddf5be06c3edc59be22"
      X-Request-Id:
      - d7505eee-c131-4bc9-8f88-e763b14f5e8c
      Vary:
      - Origin
      X-Xss-Protection:
      - 1; mode=block
      X-Content-Type-Options:
      - nosniff
      Strict-Transport-Security:
      - max-age=31536000; includeSubDomains; preload
      Ratelimit-Limit:
      - '1000'
      Ratelimit-Remaining:
      - '999'
      Ratelimit-Reset:
      - Thu, 28 Apr 2016 21:32:00 GMT
      Cf-Ray:
      - 29ad9fb1fb0121ec-EWR
    body:
      encoding: UTF-8
      string: '{"redirect_flows":{"id":"RE00004HF5N46JK64PD6QH8QVSVX82Z3","description":"You
        are donating $0.00 to SumOfUs","session_token":"7dd71e0c-05f3-464b-be1f-96729601560b","scheme":null,"success_redirect_url":"http://www.example.com/api/go_cardless/pages/2/transaction?page_id=drive-user-centric-interfaces","created_at":"2016-04-28T21:31:54.896Z","links":{"creditor":"CR000045KKQEY8"},"redirect_url":"https://pay-sandbox.gocardless.com/flow/RE00004HF5N46JK64PD6QH8QVSVX82Z3"}}'
    http_version: 
  recorded_at: Thu, 28 Apr 2016 21:31:54 GMT
- request:
    method: post
    uri: https://api-sandbox.gocardless.com/redirect_flows
    body:
      encoding: UTF-8
      string: '{"redirect_flows":{"session_token":"45510589-aabd-45a9-80b6-2e160299319e","description":"You
        are donating $0.00 to SumOfUs","success_redirect_url":"http://www.example.com/api/go_cardless/pages/45/transaction?page_id=e-enable-value-added-niches"}}'
    headers:
      User-Agent:
      - gocardless_pro/v1.0.3 ruby/2.3.0p0 ruby/2.3.0 x86_64-darwin14 faraday/0.9.1
      Gocardless-Version:
      - '2015-07-06'
      Content-Type:
      - application/json
      Authorization:
      - Bearer <gocardless_token>
      Accept-Encoding:
      - gzip;q=1.0,deflate;q=0.6,identity;q=0.3
      Accept:
      - "*/*"
  response:
    status:
      code: 201
      message: Created
    headers:
      Server:
      - cloudflare-nginx
      Date:
      - Thu, 28 Apr 2016 21:33:45 GMT
      Content-Type:
      - application/json
      Transfer-Encoding:
      - chunked
      Connection:
      - keep-alive
      Set-Cookie:
      - __cfduid=d2bd3bda1e38adc510f7c2d3efd98e88c1461879224; expires=Fri, 28-Apr-17
        21:33:44 GMT; path=/; domain=.gocardless.com; HttpOnly
      Location:
      - https://api-sandbox.gocardless.com/redirect_flows/RE00004HF703HPSAQY9D3FZQN4D2B5KK
      Pragma:
      - no-cache
      Cache-Control:
      - no-store
      Etag:
      - W/"7f2c3c68d14e35f15ae23fee85f03436"
      X-Request-Id:
      - 8ae1a2e3-ae30-4b9d-b736-d21c63750ee0
      Vary:
      - Origin
      X-Xss-Protection:
      - 1; mode=block
      X-Content-Type-Options:
      - nosniff
      Strict-Transport-Security:
      - max-age=31536000; includeSubDomains; preload
      Ratelimit-Limit:
      - '1000'
      Ratelimit-Remaining:
      - '999'
      Ratelimit-Reset:
      - Thu, 28 Apr 2016 21:34:00 GMT
      Cf-Ray:
      - 29ada26227c621c2-EWR
    body:
      encoding: UTF-8
      string: '{"redirect_flows":{"id":"RE00004HF703HPSAQY9D3FZQN4D2B5KK","description":"You
        are donating $0.00 to SumOfUs","session_token":"45510589-aabd-45a9-80b6-2e160299319e","scheme":null,"success_redirect_url":"http://www.example.com/api/go_cardless/pages/45/transaction?page_id=e-enable-value-added-niches","created_at":"2016-04-28T21:33:44.996Z","links":{"creditor":"CR000045KKQEY8"},"redirect_url":"https://pay-sandbox.gocardless.com/flow/RE00004HF703HPSAQY9D3FZQN4D2B5KK"}}'
    http_version: 
  recorded_at: Thu, 28 Apr 2016 21:33:44 GMT
- request:
    method: post
    uri: https://api-sandbox.gocardless.com/redirect_flows
    body:
      encoding: UTF-8
      string: '{"redirect_flows":{"session_token":"397383cd-0d43-4bd0-9a86-02edf581ba1b","description":"You
        are donating $0.00 to SumOfUs","success_redirect_url":"http://www.example.com/api/go_cardless/pages/7/transaction?page_id=innovate-scalable-functionalities"}}'
    headers:
      User-Agent:
      - gocardless_pro/v1.0.3 ruby/2.3.0p0 ruby/2.3.0 x86_64-darwin14 faraday/0.9.1
      Gocardless-Version:
      - '2015-07-06'
      Content-Type:
      - application/json
      Authorization:
      - Bearer <gocardless_token>
      Accept-Encoding:
      - gzip;q=1.0,deflate;q=0.6,identity;q=0.3
      Accept:
      - "*/*"
  response:
    status:
      code: 201
      message: Created
    headers:
      Server:
      - cloudflare-nginx
      Date:
      - Thu, 28 Apr 2016 21:34:07 GMT
      Content-Type:
      - application/json
      Transfer-Encoding:
      - chunked
      Connection:
      - keep-alive
      Set-Cookie:
      - __cfduid=d791b7bb0168b41aedd427ddea913aa561461879246; expires=Fri, 28-Apr-17
        21:34:06 GMT; path=/; domain=.gocardless.com; HttpOnly
      Location:
      - https://api-sandbox.gocardless.com/redirect_flows/RE00004HF8WFDRCPVBSVFBH9P97ZQBEQ
      Pragma:
      - no-cache
      Cache-Control:
      - no-store
      Etag:
      - W/"d05e9a515e9615317495ec97aab62c5c"
      X-Request-Id:
      - cb9c7090-a2cd-4e11-9856-c7b11512290f
      Vary:
      - Origin
      X-Xss-Protection:
      - 1; mode=block
      X-Content-Type-Options:
      - nosniff
      Strict-Transport-Security:
      - max-age=31536000; includeSubDomains; preload
      Ratelimit-Limit:
      - '1000'
      Ratelimit-Remaining:
      - '999'
      Ratelimit-Reset:
      - Thu, 28 Apr 2016 21:35:00 GMT
      Cf-Ray:
      - 29ada2ecea6d219e-EWR
    body:
      encoding: UTF-8
      string: '{"redirect_flows":{"id":"RE00004HF8WFDRCPVBSVFBH9P97ZQBEQ","description":"You
        are donating $0.00 to SumOfUs","session_token":"397383cd-0d43-4bd0-9a86-02edf581ba1b","scheme":null,"success_redirect_url":"http://www.example.com/api/go_cardless/pages/7/transaction?page_id=innovate-scalable-functionalities","created_at":"2016-04-28T21:34:07.199Z","links":{"creditor":"CR000045KKQEY8"},"redirect_url":"https://pay-sandbox.gocardless.com/flow/RE00004HF8WFDRCPVBSVFBH9P97ZQBEQ"}}'
    http_version: 
  recorded_at: Thu, 28 Apr 2016 21:34:06 GMT
- request:
    method: post
    uri: https://api-sandbox.gocardless.com/redirect_flows
    body:
      encoding: UTF-8
      string: '{"redirect_flows":{"session_token":"51ced8bb-54a8-4ec6-b5cb-c8ebf4e02fbe","description":"You
        are donating $0.00 to SumOfUs","success_redirect_url":"http://www.example.com/api/go_cardless/pages/1061/transaction?page_id=exploit-one-to-one-e-markets"}}'
    headers:
      User-Agent:
      - gocardless_pro/v1.0.3 ruby/2.3.0p0 ruby/2.3.0 x86_64-darwin14 faraday/0.9.1
      Gocardless-Version:
      - '2015-07-06'
      Content-Type:
      - application/json
      Authorization:
      - Bearer <gocardless_token>
      Accept-Encoding:
      - gzip;q=1.0,deflate;q=0.6,identity;q=0.3
      Accept:
      - "*/*"
  response:
    status:
      code: 201
      message: Created
    headers:
      Server:
      - cloudflare-nginx
      Date:
      - Thu, 28 Apr 2016 21:40:00 GMT
      Content-Type:
      - application/json
      Transfer-Encoding:
      - chunked
      Connection:
      - keep-alive
      Set-Cookie:
      - __cfduid=d319275818da174393b25cb96925759551461879599; expires=Fri, 28-Apr-17
        21:39:59 GMT; path=/; domain=.gocardless.com; HttpOnly
      Location:
      - https://api-sandbox.gocardless.com/redirect_flows/RE00004HF9JZ137RBJG49ECC32PW8T3Y
      Pragma:
      - no-cache
      Cache-Control:
      - no-store
      Etag:
      - W/"396352841ce22cdea8caba21ebbfd500"
      X-Request-Id:
      - 47a42c5a-cc60-431b-a464-8cab2c26d176
      Vary:
      - Origin
      X-Xss-Protection:
      - 1; mode=block
      X-Content-Type-Options:
      - nosniff
      Strict-Transport-Security:
      - max-age=31536000; includeSubDomains; preload
      Ratelimit-Limit:
      - '1000'
      Ratelimit-Remaining:
      - '999'
      Ratelimit-Reset:
      - Thu, 28 Apr 2016 21:41:00 GMT
      Cf-Ray:
      - 29adab8be69c0eeb-EWR
    body:
      encoding: UTF-8
      string: '{"redirect_flows":{"id":"RE00004HF9JZ137RBJG49ECC32PW8T3Y","description":"You
        are donating $0.00 to SumOfUs","session_token":"51ced8bb-54a8-4ec6-b5cb-c8ebf4e02fbe","scheme":null,"success_redirect_url":"http://www.example.com/api/go_cardless/pages/1061/transaction?page_id=exploit-one-to-one-e-markets","created_at":"2016-04-28T21:40:00.317Z","links":{"creditor":"CR000045KKQEY8"},"redirect_url":"https://pay-sandbox.gocardless.com/flow/RE00004HF9JZ137RBJG49ECC32PW8T3Y"}}'
    http_version: 
  recorded_at: Thu, 28 Apr 2016 21:39:59 GMT
- request:
    method: post
    uri: https://api-sandbox.gocardless.com/redirect_flows
    body:
      encoding: UTF-8
      string: '{"redirect_flows":{"session_token":"e1396757-c44e-4e95-b0ac-403edd342b5a","description":"You
        are donating $0.00 to SumOfUs","success_redirect_url":"http://www.example.com/api/go_cardless/pages/45/transaction?page_id=deliver-plug-and-play-portals"}}'
    headers:
      User-Agent:
      - gocardless_pro/v1.0.3 ruby/2.3.0p0 ruby/2.3.0 x86_64-darwin15 faraday/0.9.1
      Gocardless-Version:
      - '2015-07-06'
      Content-Type:
      - application/json
      Authorization:
      - Bearer <gocardless_token>
      Accept-Encoding:
      - gzip;q=1.0,deflate;q=0.6,identity;q=0.3
      Accept:
      - "*/*"
  response:
    status:
      code: 201
      message: Created
    headers:
      Date:
      - Tue, 03 May 2016 11:23:13 GMT
      Content-Type:
      - application/json
      Transfer-Encoding:
      - chunked
      Connection:
      - keep-alive
      Set-Cookie:
      - __cfduid=d28ae046353703d9846b4b4d4e6a33ae81462274593; expires=Wed, 03-May-17
        11:23:13 GMT; path=/; domain=.gocardless.com; HttpOnly
      Location:
      - https://api-sandbox.gocardless.com/redirect_flows/RE00004J9HK8BG3VYQMW219N8RWQR0R4
      Pragma:
      - no-cache
      Cache-Control:
      - no-store
      Etag:
      - W/"457318d04b00e6f2bf3d929b6f470724"
      X-Request-Id:
      - f5608066-846a-4d70-b15f-82d91d0fa005
      Vary:
      - Origin
      X-Xss-Protection:
      - 1; mode=block
      X-Content-Type-Options:
      - nosniff
      Strict-Transport-Security:
      - max-age=31536000; includeSubDomains; preload
      Ratelimit-Limit:
      - '1000'
      Ratelimit-Remaining:
      - '999'
      Ratelimit-Reset:
      - Tue, 03 May 2016 11:24:00 GMT
      Server:
      - cloudflare-nginx
      Cf-Ray:
      - 29d356eeb9b335fc-LHR
    body:
      encoding: UTF-8
      string: '{"redirect_flows":{"id":"RE00004J9HK8BG3VYQMW219N8RWQR0R4","description":"You
        are donating $0.00 to SumOfUs","session_token":"e1396757-c44e-4e95-b0ac-403edd342b5a","scheme":null,"success_redirect_url":"http://www.example.com/api/go_cardless/pages/45/transaction?page_id=deliver-plug-and-play-portals","created_at":"2016-05-03T11:23:13.321Z","links":{"creditor":"CR000045KKQEY8"},"redirect_url":"https://pay-sandbox.gocardless.com/flow/RE00004J9HK8BG3VYQMW219N8RWQR0R4"}}'
    http_version: 
  recorded_at: Tue, 03 May 2016 11:23:13 GMT
- request:
    method: post
    uri: https://api-sandbox.gocardless.com/redirect_flows
    body:
      encoding: UTF-8
      string: '{"redirect_flows":{"session_token":"d28103c6-ed4f-44c0-b4b3-1c1e868424d0","description":"You
        are donating $0.00 to SumOfUs","success_redirect_url":"http://www.example.com/api/go_cardless/pages/1/transaction?page_id=whiteboard-end-to-end-action-items"}}'
    headers:
      User-Agent:
      - gocardless_pro/v1.0.3 ruby/2.3.0p0 ruby/2.3.0 x86_64-darwin15 faraday/0.9.1
      Gocardless-Version:
      - '2015-07-06'
      Content-Type:
      - application/json
      Authorization:
      - Bearer <gocardless_token>
      Accept-Encoding:
      - gzip;q=1.0,deflate;q=0.6,identity;q=0.3
      Accept:
      - "*/*"
  response:
    status:
      code: 201
      message: Created
    headers:
      Date:
      - Tue, 03 May 2016 12:10:05 GMT
      Content-Type:
      - application/json
      Transfer-Encoding:
      - chunked
      Connection:
      - keep-alive
      Set-Cookie:
      - __cfduid=d879b0002e57ac5440817bf9b4ab141551462277405; expires=Wed, 03-May-17
        12:10:05 GMT; path=/; domain=.gocardless.com; HttpOnly
      Location:
      - https://api-sandbox.gocardless.com/redirect_flows/RE00004JASCKDSGAPP8S3NWWTZXD753G
      Pragma:
      - no-cache
      Cache-Control:
      - no-store
      Etag:
      - W/"16addb781a7781c8844cb31ecf4f11cd"
      X-Request-Id:
      - 379bae58-99aa-4703-8f6f-aabffcb9a8dc
      Vary:
      - Origin
      X-Xss-Protection:
      - 1; mode=block
      X-Content-Type-Options:
      - nosniff
      Strict-Transport-Security:
      - max-age=31536000; includeSubDomains; preload
      Ratelimit-Limit:
      - '1000'
      Ratelimit-Remaining:
      - '999'
      Ratelimit-Reset:
      - Tue, 03 May 2016 12:11:00 GMT
      Server:
      - cloudflare-nginx
      Cf-Ray:
      - 29d39b9a199b06e2-LHR
    body:
      encoding: UTF-8
      string: '{"redirect_flows":{"id":"RE00004JASCKDSGAPP8S3NWWTZXD753G","description":"You
        are donating $0.00 to SumOfUs","session_token":"d28103c6-ed4f-44c0-b4b3-1c1e868424d0","scheme":null,"success_redirect_url":"http://www.example.com/api/go_cardless/pages/1/transaction?page_id=whiteboard-end-to-end-action-items","created_at":"2016-05-03T12:10:05.870Z","links":{"creditor":"CR000045KKQEY8"},"redirect_url":"https://pay-sandbox.gocardless.com/flow/RE00004JASCKDSGAPP8S3NWWTZXD753G"}}'
    http_version: 
  recorded_at: Tue, 03 May 2016 12:10:05 GMT
- request:
    method: post
    uri: https://api-sandbox.gocardless.com/redirect_flows
    body:
      encoding: UTF-8
      string: '{"redirect_flows":{"session_token":"6ddbf8b7-04bc-41d5-8d7f-f23c77982f86","description":"You
        are donating $0.00 to SumOfUs","success_redirect_url":"http://www.example.com/api/go_cardless/pages/45/transaction?page_id=generate-transparent-action-items"}}'
    headers:
      User-Agent:
      - gocardless_pro/v1.0.3 ruby/2.3.0p0 ruby/2.3.0 x86_64-darwin15 faraday/0.9.1
      Gocardless-Version:
      - '2015-07-06'
      Content-Type:
      - application/json
      Authorization:
      - Bearer <gocardless_token>
      Accept-Encoding:
      - gzip;q=1.0,deflate;q=0.6,identity;q=0.3
      Accept:
      - "*/*"
  response:
    status:
      code: 201
      message: Created
    headers:
      Date:
      - Tue, 03 May 2016 12:12:44 GMT
      Content-Type:
      - application/json
      Transfer-Encoding:
      - chunked
      Connection:
      - keep-alive
      Set-Cookie:
      - __cfduid=d27aa033c504443c7fc8fd1ea5a34efe21462277564; expires=Wed, 03-May-17
        12:12:44 GMT; path=/; domain=.gocardless.com; HttpOnly
      Location:
      - https://api-sandbox.gocardless.com/redirect_flows/RE00004JAXZNTS81TXT4G0YXKEV1CZX2
      Pragma:
      - no-cache
      Cache-Control:
      - no-store
      Etag:
      - W/"87ff3cdcafd4a41ae1cef96349441c09"
      X-Request-Id:
      - 29922eca-0dca-432f-b079-bf322b01bb90
      Vary:
      - Origin
      X-Xss-Protection:
      - 1; mode=block
      X-Content-Type-Options:
      - nosniff
      Strict-Transport-Security:
      - max-age=31536000; includeSubDomains; preload
      Ratelimit-Limit:
      - '1000'
      Ratelimit-Remaining:
      - '999'
      Ratelimit-Reset:
      - Tue, 03 May 2016 12:13:00 GMT
      Server:
      - cloudflare-nginx
      Cf-Ray:
      - 29d39f7ac535136b-LHR
    body:
      encoding: UTF-8
      string: '{"redirect_flows":{"id":"RE00004JAXZNTS81TXT4G0YXKEV1CZX2","description":"You
        are donating $0.00 to SumOfUs","session_token":"6ddbf8b7-04bc-41d5-8d7f-f23c77982f86","scheme":null,"success_redirect_url":"http://www.example.com/api/go_cardless/pages/45/transaction?page_id=generate-transparent-action-items","created_at":"2016-05-03T12:12:44.684Z","links":{"creditor":"CR000045KKQEY8"},"redirect_url":"https://pay-sandbox.gocardless.com/flow/RE00004JAXZNTS81TXT4G0YXKEV1CZX2"}}'
    http_version: 
  recorded_at: Tue, 03 May 2016 12:12:44 GMT
- request:
    method: post
    uri: https://api-sandbox.gocardless.com/redirect_flows
    body:
      encoding: UTF-8
      string: '{"redirect_flows":{"session_token":"2ab13437-093d-4d80-a3e9-cdc5fad52fee","description":"You
        are donating $0.00 to SumOfUs","success_redirect_url":"http://www.example.com/api/go_cardless/pages/1/transaction?page_id=evolve-global-networks"}}'
    headers:
      User-Agent:
      - gocardless_pro/v1.0.3 ruby/2.3.0p0 ruby/2.3.0 x86_64-darwin15 faraday/0.9.1
      Gocardless-Version:
      - '2015-07-06'
      Content-Type:
      - application/json
      Authorization:
      - Bearer <gocardless_token>
      Accept-Encoding:
      - gzip;q=1.0,deflate;q=0.6,identity;q=0.3
      Accept:
      - "*/*"
  response:
    status:
      code: 201
      message: Created
    headers:
      Date:
      - Tue, 03 May 2016 12:19:18 GMT
      Content-Type:
      - application/json
      Transfer-Encoding:
      - chunked
      Connection:
      - keep-alive
      Set-Cookie:
      - __cfduid=dbcbfacf7010bdb30b68e1481e31a003c1462277958; expires=Wed, 03-May-17
        12:19:18 GMT; path=/; domain=.gocardless.com; HttpOnly
      Location:
      - https://api-sandbox.gocardless.com/redirect_flows/RE00004JB0DHFMEX5N1ED9CV5W13A7YG
      Pragma:
      - no-cache
      Cache-Control:
      - no-store
      Etag:
      - W/"35e8c4051cbf15e466dbef3d995a2a4f"
      X-Request-Id:
      - e7299492-dbe1-4f9b-ba6c-2af6ff8564a1
      Vary:
      - Origin
      X-Xss-Protection:
      - 1; mode=block
      X-Content-Type-Options:
      - nosniff
      Strict-Transport-Security:
      - max-age=31536000; includeSubDomains; preload
      Ratelimit-Limit:
      - '1000'
      Ratelimit-Remaining:
      - '999'
      Ratelimit-Reset:
      - Tue, 03 May 2016 12:20:00 GMT
      Server:
      - cloudflare-nginx
      Cf-Ray:
      - 29d3a919f0a41365-LHR
    body:
      encoding: UTF-8
      string: '{"redirect_flows":{"id":"RE00004JB0DHFMEX5N1ED9CV5W13A7YG","description":"You
        are donating $0.00 to SumOfUs","session_token":"2ab13437-093d-4d80-a3e9-cdc5fad52fee","scheme":null,"success_redirect_url":"http://www.example.com/api/go_cardless/pages/1/transaction?page_id=evolve-global-networks","created_at":"2016-05-03T12:19:18.784Z","links":{"creditor":"CR000045KKQEY8"},"redirect_url":"https://pay-sandbox.gocardless.com/flow/RE00004JB0DHFMEX5N1ED9CV5W13A7YG"}}'
    http_version: 
  recorded_at: Tue, 03 May 2016 12:19:18 GMT
recorded_with: VCR 3.0.0
