// Jest Snapshot v1, https://goo.gl/fbAQLP

exports[`renders correctly 1`] = `
<IntlProvider
  locale="en"
  messages={
    Object {
      "basics": Object {
        "or": "or",
      },
      "branding": Object {
        "description": "This is who we are.",
      },
      "call_tool": Object {
        "errors": Object {
          "phone_number": Object {
            "cant_connect": "can't connect to this phone number, please check it's correct or try another one",
            "is_invalid": "is not a valid phone number",
            "too_short": "must have at least 6 digits",
          },
          "target": Object {
            "missing": "Something wasn't right about the number you're trying to call.",
            "outdated": "It seems the number we're trying to connect you to is no longer available. Please reload the page and try again.",
          },
          "unknown": "Oops! Something went wrong, please try a different phone number or again in a few minutes.",
        },
        "fine_print": "SumOfUs will protect <a href=\\"https://sumofus.org/privacy\\" target=\\"_blank\\">your privacy</a>, and keep you updated. If you provide your phone number we may also call or SMS you about campaigns.",
        "form": Object {
          "country": "Country",
          "phone_country_code": "Code",
          "phone_number": "My phone number",
          "submit": "Call me",
        },
        "instructions": "Just enter your home country and phone number -- and we'll call shortly after.",
        "instructions_without_country": "Just enter your phone number including the area code -- and we'll call shortly after.",
        "manual_target_selection": "Please select your target",
        "text_to_speach_menu": "Please press one when you're ready and we will connect you. Press two to hear the campaigner's message again.",
        "you_will_be_calling": "We will call you and connect you to",
      },
      "confirmation_mailer": Object {
        "confirmation_email": Object {
          "body_html": "To confirm your account, please <a href='%{confirmation_url}'>follow this link.</a><br/><br/>Thanks!<br/>",
          "body_text": "To confirm your registration, please follow this link: %{confirmation_url}",
          "headline": "Thank you for registering an account",
          "subject": "Confirm your account",
        },
        "follow_up_page": Object {
          "account_already_confirmed": "Your account has already been confirmed!",
          "account_not_found": "Sorry, no account was found associated with this link.",
          "failure": "Sorry, there was an issue confirming your account.",
          "member_management": "To manage your payment methods and details, you can visit the <a href='%{url}'>members dashboard</a> at any time.",
          "success": "You have successfully confirmed your account. Thanks!",
        },
        "title": "Account Confirmation",
      },
      "email_target": Object {
        "form": Object {
          "errors": Object {
            "country": "Please select a country",
            "email": "Please add your email address",
            "fund": "Please select a pension fund",
            "message": "Whoops! There are some errors with the form. Please check you've filled in the required fields.",
            "name": "Please add you name",
            "subject": "Please add a subject line",
          },
          "select_country": "Select your Country",
          "select_target": "Select your Pension or Mutual Fund",
          "send_email": "Send Email",
          "subject": "Subject Line",
          "your_email": "Your Email Address",
          "your_name": "Your Name",
        },
        "section": Object {
          "compose": "Compose Your Email to your Fund Manager",
        },
        "suggest_fund": "Sorry about that. Email the name of your fund to sumofus@ourpension.org and we'll do our best to add it to our database.",
      },
      "errors": Object {
        "is_invalid": "is invalid",
        "probably_invalid": "doesn't look right",
        "this_field": "This field",
        "this_field_with_message": "This field %{message}",
      },
      "facebook_share": Object {
        "caption": "I just signed this petition on SumOfUs.org",
        "comment_field_label": "I'm signing because...",
      },
      "form": Object {
        "default": Object {
          "country": "Country",
          "email": "Email Address",
          "name": "Full name",
          "postal": "Postal Code",
        },
        "processing": "Processing...",
        "submit": "Submit",
        "switch_user": "Sign out",
      },
      "fundraiser": Object {
        "amount": "Amount",
        "card_declined": "Your card was declined by the payment processor. Please try a different payment method.",
        "confirmation": "Donation received",
        "currency_in": "Values shown in %{currency}",
        "debit": Object {
          "direct_debit": "Direct Debit",
          "one_time": "You are donating %{amount}",
          "recurring": "You are setting up a monthly donation of %{amount}",
        },
        "details": "Details",
        "donate": "Donate %{amount}",
        "donate_monthly": "Donate %{amount} / month",
        "donate_now": "Donate now",
        "error_intro": "We were unable to process your donation!",
        "field_names": Object {
          "cvv": "CVV",
          "expiration": "Expiration date",
          "number": "Card number",
        },
        "fields": Object {
          "cvv": "CVV",
          "expiration": "Expiration date",
          "expiration_format": "MM / YY",
          "number": "Card number",
          "postalCode": "Postal code",
        },
        "fine_print": "Donations are not tax deductable. For more information please email us.",
        "loading": "Loading secure <br> payment portal",
        "make_recurring": "Make my donation monthly",
        "month": "month",
        "oneclick": Object {
          "credit_card_payment_method": "%{card_type} ending in %{last_four_digits}",
          "new_payment_method": "Add payment method",
          "paypal_payment_method": "Paypal (%{email})",
          "select_payment": "Select a saved payment method",
        },
        "other_amount": "Other",
        "payment": "Payment",
        "payment_methods": Object {
          "card": "Credit or debit card",
          "gocardless": "Direct Debit",
          "paypal": "PayPal",
          "ready_for_gocardless": "Click 'Donate' to finish donating through GoCardless, our direct debit provider.",
          "ready_for_paypal": "When you click the button below, Paypal will guide you to finish your donation.",
        },
        "payment_type_prompt": "Payment Method",
        "proceed_to_details": "Proceed to details",
        "proceed_to_payment": "Proceed to payment",
        "recurring_thank_you_with_amount": "<strong>Thank you for your recurring donation of %{amount}!</strong> If you have any questions or made this donation in error, please email donations@sumofus.org.",
        "store_in_vault": "Securely store my payment information",
        "switch_currency": "Switch currency",
        "thank_you": "Thank you for your donation!",
        "thank_you_with_amount": "<strong>Thank you for your donation of %{amount}!</strong> If you have any questions or made this donation in error, please email donations@sumofus.org.",
        "unknown_error": "Our technical team has been notified. Please double check your info or try a different payment method.",
      },
      "member_registration": Object {
        "check_email": "<strong>Thanks for registering.</strong> <span>Now, check your email and click the confirmation link</span>",
        "create_account": "We're processing your donation.",
        "create_account_description": "Now, create an account to securely manage your donations, and cancel a donation at any time.",
        "enter_password_message": "Just enter a password to get started",
        "form": Object {
          "confirm_password": "Confirm Password",
          "password": "Password",
          "register": "Register",
          "your_email": "Your email",
        },
        "thanks": "Thanks! Just one more step:",
        "title": "Member Registration",
      },
      "page": Object {
        "more_info": "More information",
        "no_script": "Thanks for coming to learn about this issue! Unfortunately, you can't take action while Javascript is disabled in your browser. Please enable Javascript or return in a browser with Javascript enabled to take action.",
      },
      "petition": Object {
        "confirmation": "Name submitted",
        "excited_confirmation": "Name submitted!",
        "fine_print": "We will protect your privacy, and keep you updated about this and similar campaigns.",
        "sign_it": "Sign the petition",
        "target_prefix": "TO",
        "thank_you": "Thanks for adding your name to \\"%{petition_title}\\"",
      },
      "reset_password_mailer": Object {
        "reset_password_email": Object {
          "html": Object {
            "body": "Someone (probably you) has requested a password reset on your SumOfUs account.<br />You can use the following link within the next day to reset your password:<br /><br />%{url}<br /><br />If you didn't request a new password, you can safely ignore this email.<br /><br />Thanks,<br />SumOfUs",
          },
          "subject": "Please reset your password",
          "text": Object {
            "body": "Someone (probably you) has requested a password reset on your SumOfUs account.
    
    You can use the following link within the next day to reset your password:
    
    %{url}
    
    If you didn't request a new password, you can safely ignore this email.
    
    Thanks,
    SumOfUs",
          },
        },
      },
      "reset_passwords": Object {
        "create": Object {
          "not_found": "Sorry, we can't find that email.",
        },
        "edit": Object {
          "button_label": "Change password",
          "description": "Password must be at least 6 characters long.",
          "invalid_link": "It looks like you clicked on an invalid password reset link. Please try again.",
          "password": "Password",
          "password_confirmation": "Confirm password",
          "title": "Change password for",
        },
        "new": Object {
          "button_label": "Send password reset email",
          "description": "Enter your email address and we will send you a link to reset your password.",
          "email": "Email",
          "title": "Reset your password",
        },
        "show": Object {
          "description": "Check your email for a link to reset your password. If it doesn't appear within a few minutes, check your spam folder.",
          "title": "Reset your password",
        },
        "success": Object {
          "description": "Visit the <a href='%{url}'>Member Dashboard</a> to log-in.",
          "title": "Your new password was successfully saved",
        },
      },
      "share": Object {
        "cta": "Share the campaign!",
        "send_email": "Send Email",
        "share": "Share",
        "tweet": "Tweet",
        "twitter_handle": "@sumofus",
      },
      "survey": Object {
        "finish": "Finish",
        "next": "Next",
        "skip": "Skip",
      },
      "thermometer": Object {
        "million": "million",
        "signatures": "signatures",
        "signatures_until_goal": "%{remaining} signatures until %{goal}",
      },
      "time": Object {
        "formats": Object {
          "default": "%-d %B %Y",
        },
      },
      "validation": Object {
        "is_invalid_country": "must be a valid country code",
        "is_invalid_email": "is not a valid email address",
        "is_invalid_length": "must be less than %{length} characters long",
        "is_invalid_phone": "can only have numbers, dash, plus, and parentheses",
        "is_required": "is required",
        "postal": Object {
          "has_invalid_characters": "Can only contain letters, numbers, spaces, and hyphens",
          "too_long": "May contain no more than 9 letter or number characters",
        },
      },
    }
  }
>
  <InjectIntl(DonationBands)
    amounts={
      Array [
        1,
        2,
        3,
        4,
        5,
      ]
    }
    currency="GBP"
    customAmount={10}
    proceed={[Function]}
    selectAmount={[Function]}
  >
    <DonationBands
      amounts={
        Array [
          1,
          2,
          3,
          4,
          5,
        ]
      }
      currency="GBP"
      customAmount={10}
      intl={
        Object {
          "defaultFormats": Object {},
          "defaultLocale": "en",
          "formatDate": [Function],
          "formatHTMLMessage": [Function],
          "formatMessage": [Function],
          "formatNumber": [Function],
          "formatPlural": [Function],
          "formatRelative": [Function],
          "formatTime": [Function],
          "formats": Object {},
          "formatters": Object {
            "getDateTimeFormat": [Function],
            "getMessageFormat": [Function],
            "getNumberFormat": [Function],
            "getPluralFormat": [Function],
            "getRelativeFormat": [Function],
          },
          "locale": "en",
          "messages": Object {
            "basics": Object {
              "or": "or",
            },
            "branding": Object {
              "description": "This is who we are.",
            },
            "call_tool": Object {
              "errors": Object {
                "phone_number": Object {
                  "cant_connect": "can't connect to this phone number, please check it's correct or try another one",
                  "is_invalid": "is not a valid phone number",
                  "too_short": "must have at least 6 digits",
                },
                "target": Object {
                  "missing": "Something wasn't right about the number you're trying to call.",
                  "outdated": "It seems the number we're trying to connect you to is no longer available. Please reload the page and try again.",
                },
                "unknown": "Oops! Something went wrong, please try a different phone number or again in a few minutes.",
              },
              "fine_print": "SumOfUs will protect <a href=\\"https://sumofus.org/privacy\\" target=\\"_blank\\">your privacy</a>, and keep you updated. If you provide your phone number we may also call or SMS you about campaigns.",
              "form": Object {
                "country": "Country",
                "phone_country_code": "Code",
                "phone_number": "My phone number",
                "submit": "Call me",
              },
              "instructions": "Just enter your home country and phone number -- and we'll call shortly after.",
              "instructions_without_country": "Just enter your phone number including the area code -- and we'll call shortly after.",
              "manual_target_selection": "Please select your target",
              "text_to_speach_menu": "Please press one when you're ready and we will connect you. Press two to hear the campaigner's message again.",
              "you_will_be_calling": "We will call you and connect you to",
            },
            "confirmation_mailer": Object {
              "confirmation_email": Object {
                "body_html": "To confirm your account, please <a href='%{confirmation_url}'>follow this link.</a><br/><br/>Thanks!<br/>",
                "body_text": "To confirm your registration, please follow this link: %{confirmation_url}",
                "headline": "Thank you for registering an account",
                "subject": "Confirm your account",
              },
              "follow_up_page": Object {
                "account_already_confirmed": "Your account has already been confirmed!",
                "account_not_found": "Sorry, no account was found associated with this link.",
                "failure": "Sorry, there was an issue confirming your account.",
                "member_management": "To manage your payment methods and details, you can visit the <a href='%{url}'>members dashboard</a> at any time.",
                "success": "You have successfully confirmed your account. Thanks!",
              },
              "title": "Account Confirmation",
            },
            "email_target": Object {
              "form": Object {
                "errors": Object {
                  "country": "Please select a country",
                  "email": "Please add your email address",
                  "fund": "Please select a pension fund",
                  "message": "Whoops! There are some errors with the form. Please check you've filled in the required fields.",
                  "name": "Please add you name",
                  "subject": "Please add a subject line",
                },
                "select_country": "Select your Country",
                "select_target": "Select your Pension or Mutual Fund",
                "send_email": "Send Email",
                "subject": "Subject Line",
                "your_email": "Your Email Address",
                "your_name": "Your Name",
              },
              "section": Object {
                "compose": "Compose Your Email to your Fund Manager",
              },
              "suggest_fund": "Sorry about that. Email the name of your fund to sumofus@ourpension.org and we'll do our best to add it to our database.",
            },
            "errors": Object {
              "is_invalid": "is invalid",
              "probably_invalid": "doesn't look right",
              "this_field": "This field",
              "this_field_with_message": "This field %{message}",
            },
            "facebook_share": Object {
              "caption": "I just signed this petition on SumOfUs.org",
              "comment_field_label": "I'm signing because...",
            },
            "form": Object {
              "default": Object {
                "country": "Country",
                "email": "Email Address",
                "name": "Full name",
                "postal": "Postal Code",
              },
              "processing": "Processing...",
              "submit": "Submit",
              "switch_user": "Sign out",
            },
            "fundraiser": Object {
              "amount": "Amount",
              "card_declined": "Your card was declined by the payment processor. Please try a different payment method.",
              "confirmation": "Donation received",
              "currency_in": "Values shown in %{currency}",
              "debit": Object {
                "direct_debit": "Direct Debit",
                "one_time": "You are donating %{amount}",
                "recurring": "You are setting up a monthly donation of %{amount}",
              },
              "details": "Details",
              "donate": "Donate %{amount}",
              "donate_monthly": "Donate %{amount} / month",
              "donate_now": "Donate now",
              "error_intro": "We were unable to process your donation!",
              "field_names": Object {
                "cvv": "CVV",
                "expiration": "Expiration date",
                "number": "Card number",
              },
              "fields": Object {
                "cvv": "CVV",
                "expiration": "Expiration date",
                "expiration_format": "MM / YY",
                "number": "Card number",
                "postalCode": "Postal code",
              },
              "fine_print": "Donations are not tax deductable. For more information please email us.",
              "loading": "Loading secure <br> payment portal",
              "make_recurring": "Make my donation monthly",
              "month": "month",
              "oneclick": Object {
                "credit_card_payment_method": "%{card_type} ending in %{last_four_digits}",
                "new_payment_method": "Add payment method",
                "paypal_payment_method": "Paypal (%{email})",
                "select_payment": "Select a saved payment method",
              },
              "other_amount": "Other",
              "payment": "Payment",
              "payment_methods": Object {
                "card": "Credit or debit card",
                "gocardless": "Direct Debit",
                "paypal": "PayPal",
                "ready_for_gocardless": "Click 'Donate' to finish donating through GoCardless, our direct debit provider.",
                "ready_for_paypal": "When you click the button below, Paypal will guide you to finish your donation.",
              },
              "payment_type_prompt": "Payment Method",
              "proceed_to_details": "Proceed to details",
              "proceed_to_payment": "Proceed to payment",
              "recurring_thank_you_with_amount": "<strong>Thank you for your recurring donation of %{amount}!</strong> If you have any questions or made this donation in error, please email donations@sumofus.org.",
              "store_in_vault": "Securely store my payment information",
              "switch_currency": "Switch currency",
              "thank_you": "Thank you for your donation!",
              "thank_you_with_amount": "<strong>Thank you for your donation of %{amount}!</strong> If you have any questions or made this donation in error, please email donations@sumofus.org.",
              "unknown_error": "Our technical team has been notified. Please double check your info or try a different payment method.",
            },
            "member_registration": Object {
              "check_email": "<strong>Thanks for registering.</strong> <span>Now, check your email and click the confirmation link</span>",
              "create_account": "We're processing your donation.",
              "create_account_description": "Now, create an account to securely manage your donations, and cancel a donation at any time.",
              "enter_password_message": "Just enter a password to get started",
              "form": Object {
                "confirm_password": "Confirm Password",
                "password": "Password",
                "register": "Register",
                "your_email": "Your email",
              },
              "thanks": "Thanks! Just one more step:",
              "title": "Member Registration",
            },
            "page": Object {
              "more_info": "More information",
              "no_script": "Thanks for coming to learn about this issue! Unfortunately, you can't take action while Javascript is disabled in your browser. Please enable Javascript or return in a browser with Javascript enabled to take action.",
            },
            "petition": Object {
              "confirmation": "Name submitted",
              "excited_confirmation": "Name submitted!",
              "fine_print": "We will protect your privacy, and keep you updated about this and similar campaigns.",
              "sign_it": "Sign the petition",
              "target_prefix": "TO",
              "thank_you": "Thanks for adding your name to \\"%{petition_title}\\"",
            },
            "reset_password_mailer": Object {
              "reset_password_email": Object {
                "html": Object {
                  "body": "Someone (probably you) has requested a password reset on your SumOfUs account.<br />You can use the following link within the next day to reset your password:<br /><br />%{url}<br /><br />If you didn't request a new password, you can safely ignore this email.<br /><br />Thanks,<br />SumOfUs",
                },
                "subject": "Please reset your password",
                "text": Object {
                  "body": "Someone (probably you) has requested a password reset on your SumOfUs account.
        
        You can use the following link within the next day to reset your password:
        
        %{url}
        
        If you didn't request a new password, you can safely ignore this email.
        
        Thanks,
        SumOfUs",
                },
              },
            },
            "reset_passwords": Object {
              "create": Object {
                "not_found": "Sorry, we can't find that email.",
              },
              "edit": Object {
                "button_label": "Change password",
                "description": "Password must be at least 6 characters long.",
                "invalid_link": "It looks like you clicked on an invalid password reset link. Please try again.",
                "password": "Password",
                "password_confirmation": "Confirm password",
                "title": "Change password for",
              },
              "new": Object {
                "button_label": "Send password reset email",
                "description": "Enter your email address and we will send you a link to reset your password.",
                "email": "Email",
                "title": "Reset your password",
              },
              "show": Object {
                "description": "Check your email for a link to reset your password. If it doesn't appear within a few minutes, check your spam folder.",
                "title": "Reset your password",
              },
              "success": Object {
                "description": "Visit the <a href='%{url}'>Member Dashboard</a> to log-in.",
                "title": "Your new password was successfully saved",
              },
            },
            "share": Object {
              "cta": "Share the campaign!",
              "send_email": "Send Email",
              "share": "Share",
              "tweet": "Tweet",
              "twitter_handle": "@sumofus",
            },
            "survey": Object {
              "finish": "Finish",
              "next": "Next",
              "skip": "Skip",
            },
            "thermometer": Object {
              "million": "million",
              "signatures": "signatures",
              "signatures_until_goal": "%{remaining} signatures until %{goal}",
            },
            "time": Object {
              "formats": Object {
                "default": "%-d %B %Y",
              },
            },
            "validation": Object {
              "is_invalid_country": "must be a valid country code",
              "is_invalid_email": "is not a valid email address",
              "is_invalid_length": "must be less than %{length} characters long",
              "is_invalid_phone": "can only have numbers, dash, plus, and parentheses",
              "is_required": "is required",
              "postal": Object {
                "has_invalid_characters": "Can only contain letters, numbers, spaces, and hyphens",
                "too_long": "May contain no more than 9 letter or number characters",
              },
            },
          },
          "now": [Function],
          "textComponent": "span",
        }
      }
      proceed={[Function]}
      selectAmount={[Function]}
    >
      <div
        className="DonationBands-container"
      >
        <DonationBandButton
          amount={1}
          currency="GBP"
          onClick={[Function]}
        >
          <Button
            className="DonationBandButton"
            onClick={[Function]}
          >
            <button
              className="Button-root DonationBandButton"
              onClick={[Function]}
            >
              <FormattedNumber
                currency="GBP"
                maximumFractionDigits={0}
                minimumFractionDigits={0}
                style="currency"
                value={1}
              >
                <span>
                  £1
                </span>
              </FormattedNumber>
            </button>
          </Button>
        </DonationBandButton>
        <DonationBandButton
          amount={2}
          currency="GBP"
          onClick={[Function]}
        >
          <Button
            className="DonationBandButton"
            onClick={[Function]}
          >
            <button
              className="Button-root DonationBandButton"
              onClick={[Function]}
            >
              <FormattedNumber
                currency="GBP"
                maximumFractionDigits={0}
                minimumFractionDigits={0}
                style="currency"
                value={2}
              >
                <span>
                  £2
                </span>
              </FormattedNumber>
            </button>
          </Button>
        </DonationBandButton>
        <DonationBandButton
          amount={3}
          currency="GBP"
          onClick={[Function]}
        >
          <Button
            className="DonationBandButton"
            onClick={[Function]}
          >
            <button
              className="Button-root DonationBandButton"
              onClick={[Function]}
            >
              <FormattedNumber
                currency="GBP"
                maximumFractionDigits={0}
                minimumFractionDigits={0}
                style="currency"
                value={3}
              >
                <span>
                  £3
                </span>
              </FormattedNumber>
            </button>
          </Button>
        </DonationBandButton>
        <DonationBandButton
          amount={4}
          currency="GBP"
          onClick={[Function]}
        >
          <Button
            className="DonationBandButton"
            onClick={[Function]}
          >
            <button
              className="Button-root DonationBandButton"
              onClick={[Function]}
            >
              <FormattedNumber
                currency="GBP"
                maximumFractionDigits={0}
                minimumFractionDigits={0}
                style="currency"
                value={4}
              >
                <span>
                  £4
                </span>
              </FormattedNumber>
            </button>
          </Button>
        </DonationBandButton>
        <DonationBandButton
          amount={5}
          currency="GBP"
          onClick={[Function]}
        >
          <Button
            className="DonationBandButton"
            onClick={[Function]}
          >
            <button
              className="Button-root DonationBandButton"
              onClick={[Function]}
            >
              <FormattedNumber
                currency="GBP"
                maximumFractionDigits={0}
                minimumFractionDigits={0}
                style="currency"
                value={5}
              >
                <span>
                  £5
                </span>
              </FormattedNumber>
            </button>
          </Button>
        </DonationBandButton>
        <input
          className="DonationBands__input"
          id="DonationBands-custom-amount"
          onChange={[Function]}
          pattern={/\\^\\[0-9\\]\\+\\$/}
          placeholder="fundraiser.other_amount"
          type="tel"
          value="£10"
        />
      </div>
    </DonationBands>
  </InjectIntl(DonationBands)>
</IntlProvider>
`;
